// Jest Snapshot v1, https://goo.gl/fbAQLP

exports[`Link changes the class when hovered 1`] = `
<div
  style={
    Object {
      "borderWidth": "2px",
      "float": "left",
      "height": "35%",
      "textAlign": "center",
      "width": "35%",
    }
  }
>
  <h3
    className="title"
  >
     HOW OTHERS ARE WEARING IT 
  </h3>
  <h5
    className="subtitle"
  >
    Mention @Nike on Instagram for a chance to have your look featured.
  </h5>
  <div
    className="flex-container"
  >
    <div
      id="flex-container1"
    />
    <div
      id="hidden"
    />
    <div
      id="hidden"
    />
    <div
      className="show-remaining"
      onClick={[Function]}
    >
      <div
        className="show-remaining_underline"
      >
        <a>
          Load More (
          0
          )
        </a>
        <a>
          ∨
        </a>
      </div>
    </div>
  </div>
  <div
    id="overlay"
  >
    <div
      className="carousel"
    >
      <div
        id="left_arrow"
      >
        <div
          className="slide-arrow left"
          onClick={[Function]}
        >
          ◀
        </div>
      </div>
      <div>
        <div
          className="white-box"
        >
          <img
            className="image_in_box"
            src={undefined}
          />
          <div>
            <button
              aria-label="Close"
              className="close_button"
              onClick={[Function]}
              type="button"
            >
              <span
                aria-hidden="true"
              >
                ×
              </span>
            </button>
            <img
              id="user_profile_pic"
              src={undefined}
            />
            <div
              id="user_box"
            >
              <p
                id="insta_name"
              >
                 
                 
              </p>
              <p
                id="creation_time"
              >
                NaN
                 
                days
                 ago 
              </p>
            </div>
          </div>
          <div
            className="gray_line"
          >
            <p
              id="In_look"
            >
               In this Look 
            </p>
          </div>
        </div>
      </div>
      <div
        id="r_arrow"
      >
        <div
          className="slide-arrow right"
          onClick={[Function]}
        >
          ▶
        </div>
      </div>
    </div>
  </div>
</div>
`;

exports[`Link changes the class when hovered 2`] = `
<div
  style={
    Object {
      "borderWidth": "2px",
      "float": "left",
      "height": "35%",
      "textAlign": "center",
      "width": "35%",
    }
  }
>
  <h3
    className="title"
  >
     HOW OTHERS ARE WEARING IT 
  </h3>
  <h5
    className="subtitle"
  >
    Mention @Nike on Instagram for a chance to have your look featured.
  </h5>
  <div
    className="flex-container"
  >
    <div
      id="flex-container1"
    />
    <div
      id="hidden"
    />
    <div
      id="hidden"
    />
    <div
      className="show-remaining"
      onClick={[Function]}
    >
      <div
        className="show-remaining_underline"
      >
        <a>
          Load More (
          0
          )
        </a>
        <a>
          ∨
        </a>
      </div>
    </div>
  </div>
  <div
    id="overlay"
  >
    <div
      className="carousel"
    >
      <div
        id="left_arrow"
      >
        <div
          className="slide-arrow left"
          onClick={[Function]}
        >
          ◀
        </div>
      </div>
      <div>
        <div
          className="white-box"
        >
          <img
            className="image_in_box"
            src={undefined}
          />
          <div>
            <button
              aria-label="Close"
              className="close_button"
              onClick={[Function]}
              type="button"
            >
              <span
                aria-hidden="true"
              >
                ×
              </span>
            </button>
            <img
              id="user_profile_pic"
              src={undefined}
            />
            <div
              id="user_box"
            >
              <p
                id="insta_name"
              >
                 
                 
              </p>
              <p
                id="creation_time"
              >
                NaN
                 
                days
                 ago 
              </p>
            </div>
          </div>
          <div
            className="gray_line"
          >
            <p
              id="In_look"
            >
               In this Look 
            </p>
          </div>
        </div>
      </div>
      <div
        id="r_arrow"
      >
        <div
          className="slide-arrow right"
          onClick={[Function]}
        >
          ▶
        </div>
      </div>
    </div>
  </div>
</div>
`;

exports[`Shows other list items when 1`] = `
<div
  style={
    Object {
      "borderWidth": "2px",
      "float": "left",
      "height": "35%",
      "textAlign": "center",
      "width": "35%",
    }
  }
>
  <h3
    className="title"
  >
     HOW OTHERS ARE WEARING IT 
  </h3>
  <h5
    className="subtitle"
  >
    Mention @Nike on Instagram for a chance to have your look featured.
  </h5>
  <div
    className="flex-container"
  >
    <div
      id="flex-container1"
    />
    <div
      id="hidden"
    />
    <div
      id="hidden"
    />
    <div
      className="show-remaining"
      onClick={[Function]}
    >
      <div
        className="show-remaining_underline"
      >
        <a>
          Load More (
          0
          )
        </a>
        <a>
          ∨
        </a>
      </div>
    </div>
  </div>
  <div
    id="overlay"
  >
    <div
      className="carousel"
    >
      <div
        id="left_arrow"
      >
        <div
          className="slide-arrow left"
          onClick={[Function]}
        >
          ◀
        </div>
      </div>
      <div>
        <div
          className="white-box"
        >
          <img
            className="image_in_box"
            src={undefined}
          />
          <div>
            <button
              aria-label="Close"
              className="close_button"
              onClick={[Function]}
              type="button"
            >
              <span
                aria-hidden="true"
              >
                ×
              </span>
            </button>
            <img
              id="user_profile_pic"
              src={undefined}
            />
            <div
              id="user_box"
            >
              <p
                id="insta_name"
              >
                 
                 
              </p>
              <p
                id="creation_time"
              >
                NaN
                 
                days
                 ago 
              </p>
            </div>
          </div>
          <div
            className="gray_line"
          >
            <p
              id="In_look"
            >
               In this Look 
            </p>
          </div>
        </div>
      </div>
      <div
        id="r_arrow"
      >
        <div
          className="slide-arrow right"
          onClick={[Function]}
        >
          ▶
        </div>
      </div>
    </div>
  </div>
</div>
`;
